npm notice run proyectofrontend1@0.1.0 dev
npm notice run next dev -p 3001
▲ Next.js 16.3.8 (Turbopack)
- Local:         http://localhost:3001
- Network:       http://192.168.56.1:3001
✓ Ready in 616ms
⚠ Warning: Next.js ignored package-lock.json in C:\Users\lucia because it is outside the current Git repository (C:\Users\lucia\ExamenIA\proyectoFrontend1).
 To use this directory, set `turbopack.root` in your Next.js config.

✓ Running next.config.ts took 44ms

 GET /api/health 200 in 1279ms (next.js: 1219ms, application-code: 60ms)
○ Compiling /login ...
 GET /login 200 in 4.9s (next.js: 4.7s, proxy.ts: 20ms, application-code: 196ms)
 POST /api/auth/login 400 in 296ms (next.js: 248ms, application-code: 48ms)
 POST /api/auth/login 400 in 26ms (next.js: 4ms, application-code: 22ms)
 POST /api/auth/login 400 in 25ms (next.js: 5ms, application-code: 20ms)
 POST /api/auth/login 400 in 24ms (next.js: 4ms, application-code: 20ms)
 POST /api/auth/login 400 in 20ms (next.js: 4ms, application-code: 16ms)
 POST /api/auth/login 400 in 20ms (next.js: 6ms, application-code: 15ms)
 POST /api/auth/login 400 in 16ms (next.js: 4ms, application-code: 11ms)
 POST /api/auth/login 400 in 19ms (next.js: 4ms, application-code: 14ms)
 POST /api/auth/login 400 in 21ms (next.js: 4ms, application-code: 17ms)
 POST /api/auth/login 400 in 15ms (next.js: 4ms, application-code: 12ms)
 POST /api/auth/login 400 in 21ms (next.js: 3ms, application-code: 18ms)
 POST /api/auth/login 400 in 15ms (next.js: 2ms, application-code: 13ms)
 POST /api/auth/login 400 in 16ms (next.js: 4ms, application-code: 12ms)
 POST /api/auth/login 400 in 19ms (next.js: 4ms, application-code: 15ms)
 POST /api/auth/login 400 in 12ms (next.js: 3ms, application-code: 10ms)
 POST /api/auth/login 400 in 12ms (next.js: 3ms, application-code: 10ms)
 POST /api/auth/login 400 in 11ms (next.js: 3ms, application-code: 9ms)
 POST /api/auth/login 400 in 15ms (next.js: 3ms, application-code: 12ms)
 POST /api/auth/login 400 in 14ms (next.js: 4ms, application-code: 11ms)
 POST /api/auth/login 400 in 13ms (next.js: 2ms, application-code: 11ms)
 POST /api/auth/login 400 in 14ms (next.js: 3ms, application-code: 11ms)
 POST /api/auth/login 400 in 17ms (next.js: 4ms, application-code: 13ms)
 POST /api/auth/login 400 in 20ms (next.js: 3ms, application-code: 16ms)
 POST /api/auth/login 400 in 15ms (next.js: 3ms, application-code: 12ms)
 POST /api/auth/login 400 in 39ms (next.js: 12ms, application-code: 27ms)
 POST /api/auth/login 400 in 16ms (next.js: 3ms, application-code: 13ms)
 POST /api/auth/login 400 in 15ms (next.js: 3ms, application-code: 11ms)
 POST /api/auth/login 400 in 14ms (next.js: 3ms, application-code: 12ms)
 POST /api/auth/login 400 in 13ms (next.js: 3ms, application-code: 10ms)
 GET /login 200 in 103ms (next.js: 9ms, proxy.ts: 9ms, application-code: 85ms)
 POST /api/auth/login 400 in 20ms (next.js: 4ms, application-code: 16ms)
 POST /api/auth/login 400 in 21ms (next.js: 4ms, application-code: 17ms)
 POST /api/auth/login 400 in 14ms (next.js: 4ms, application-code: 10ms)
 POST /api/auth/login 401 in 5.1s (next.js: 2ms, application-code: 5.1s)
 GET /login?expired=1 200 in 101ms (next.js: 8ms, proxy.ts: 11ms, application-code: 81ms)
 POST /api/auth/login 200 in 5.1s (next.js: 4ms, application-code: 5.1s)
⨯ Error: ID invalido
    at apiGet (src\lib\server.ts:47:11)
    at async AppLayout (src\app\(app)\layout.tsx:9:14)
  45 |   if (!res.ok) {
  46 |     const message = Array.isArray(body?.message) ? body.message.join(". ") : (body?.message ?? "Error inesperado");
> 47 |     throw new ApiError(res.status, message);
     |           ^
  48 |   }
  49 |   return body as T;
  50 | } {
  status: 400,
  digest: '2823317353'
}
 GET /admin 200 in 1054ms (next.js: 827ms, proxy.ts: 12ms, application-code: 215ms)
⨯ Error: ID invalido
    at apiGet (src\lib\server.ts:47:11)
    at async AppLayout (src\app\(app)\layout.tsx:9:14)
  45 |   if (!res.ok) {
  46 |     const message = Array.isArray(body?.message) ? body.message.join(". ") : (body?.message ?? "Error inesperado");
> 47 |     throw new ApiError(res.status, message);
     |           ^
  48 |   }
  49 |   return body as T;
  50 | } {
  status: 400,
  digest: '2823317353'
}
 GET /admin 200 in 170ms (next.js: 30ms, proxy.ts: 50ms, application-code: 90ms)
[browser] Uncaught Error: ID invalido
    at apiGet (src\lib\server.ts:47:11)
    at  AppLayout (src\app\(app)\layout.tsx:9:14)
  45 |   if (!res.ok) {
  46 |     const message = Array.isArray(body?.message) ? body.message.join(". ") : (body?.message ?? "Error inesperado");
> 47 |     throw new ApiError(res.status, message);
     |           ^
  48 |   }
  49 |   return body as T;
  50 | }
 GET /login 200 in 79ms (next.js: 7ms, proxy.ts: 9ms, application-code: 64ms)
 POST /api/auth/login 200 in 5.1s (next.js: 5ms, application-code: 5.1s)
 POST /api/auth/login 200 in 5.1s (next.js: 3ms, application-code: 5.1s)
⨯ Error: ID invalido
    at apiGet (src\lib\server.ts:47:11)
    at async AppLayout (src\app\(app)\layout.tsx:9:14)
  45 |   if (!res.ok) {
  46 |     const message = Array.isArray(body?.message) ? body.message.join(". ") : (body?.message ?? "Error inesperado");
> 47 |     throw new ApiError(res.status, message);
     |           ^
  48 |   }
  49 |   return body as T;
  50 | } {
  status: 400,
  digest: '2823317353'
}
 GET /admin 500 in 275ms (next.js: 9ms, proxy.ts: 6ms, application-code: 260ms)
 POST /api/auth/login 200 in 5.1s (next.js: 3ms, application-code: 5.1s)
⨯ Error: ID invalido
    at apiGet (src\lib\server.ts:47:11)
    at async AppLayout (src\app\(app)\layout.tsx:9:14)
  45 |   if (!res.ok) {
  46 |     const message = Array.isArray(body?.message) ? body.message.join(". ") : (body?.message ?? "Error inesperado");
> 47 |     throw new ApiError(res.status, message);
     |           ^
  48 |   }
  49 |   return body as T;
  50 | } {
  status: 400,
  digest: '2823317353'
}
 GET /admin 200 in 181ms (next.js: 5ms, proxy.ts: 10ms, application-code: 165ms)
⨯ Error: ID invalido
    at apiGet (src\lib\server.ts:47:11)
    at async AppLayout (src\app\(app)\layout.tsx:9:14)
  45 |   if (!res.ok) {
  46 |     const message = Array.isArray(body?.message) ? body.message.join(". ") : (body?.message ?? "Error inesperado");
> 47 |     throw new ApiError(res.status, message);
     |           ^
  48 |   }
  49 |   return body as T;
  50 | } {
  status: 400,
  digest: '2823317353'
}
 GET /admin 200 in 161ms (next.js: 29ms, proxy.ts: 20ms, application-code: 112ms)
[browser] Uncaught Error: ID invalido
    at apiGet (src\lib\server.ts:47:11)
    at  AppLayout (src\app\(app)\layout.tsx:9:14)
  45 |   if (!res.ok) {
  46 |     const message = Array.isArray(body?.message) ? body.message.join(". ") : (body?.message ?? "Error inesperado");
> 47 |     throw new ApiError(res.status, message);
     |           ^
  48 |   }
  49 |   return body as T;
  50 | }
 GET /login 200 in 100ms (next.js: 10ms, proxy.ts: 8ms, application-code: 82ms)
 GET /api/reports/dashboard 401 in 42ms (next.js: 23ms, application-code: 19ms)
 POST /api/auth/login 200 in 5.1s (next.js: 3ms, application-code: 5.1s)
 GET /api/reports/dashboard 200 in 35ms (next.js: 11ms, application-code: 24ms)
 POST /api/auth/login 200 in 5.1s (next.js: 3ms, application-code: 5.1s)
⨯ Error: ID invalido
    at apiGet (src\lib\server.ts:47:11)
    at async AppLayout (src\app\(app)\layout.tsx:9:14)
  45 |   if (!res.ok) {
  46 |     const message = Array.isArray(body?.message) ? body.message.join(". ") : (body?.message ?? "Error inesperado");
> 47 |     throw new ApiError(res.status, message);
     |           ^
  48 |   }
  49 |   return body as T;
  50 | } {
  status: 400,
  digest: '2823317353'
}
 GET /admin 500 in 165ms (next.js: 4ms, proxy.ts: 6ms, application-code: 154ms)
 POST /api/auth/login 200 in 5.1s (next.js: 3ms, application-code: 5.1s)
 GET /api/users/me 400 in 29ms (next.js: 14ms, application-code: 15ms)
 GET /api/reports/dashboard 200 in 27ms (next.js: 3ms, application-code: 23ms)
 POST /api/auth/login 502 in 18ms (next.js: 3ms, application-code: 15ms)
 GET /api/users/me 502 in 21ms (next.js: 11ms, application-code: 10ms)
 POST /api/auth/login 502 in 19ms (next.js: 6ms, application-code: 13ms)
 POST /api/auth/login 502 in 15ms (next.js: 3ms, application-code: 12ms)
 POST /api/auth/login 502 in 14ms (next.js: 3ms, application-code: 11ms)
 POST /api/auth/login 502 in 12ms (next.js: 3ms, application-code: 9ms)
 POST /api/auth/login 502 in 13ms (next.js: 3ms, application-code: 10ms)
 POST /api/auth/login 502 in 14ms (next.js: 3ms, application-code: 11ms)
 POST /api/auth/login 502 in 11ms (next.js: 2ms, application-code: 9ms)
 POST /api/auth/login 502 in 13ms (next.js: 3ms, application-code: 10ms)
 POST /api/auth/login 502 in 12ms (next.js: 2ms, application-code: 10ms)
 POST /api/auth/login 502 in 15ms (next.js: 4ms, application-code: 10ms)
 POST /api/auth/login 502 in 18ms (next.js: 3ms, application-code: 15ms)
 POST /api/auth/login 502 in 15ms (next.js: 2ms, application-code: 12ms)
 POST /api/auth/login 502 in 15ms (next.js: 3ms, application-code: 12ms)
 POST /api/auth/login 502 in 14ms (next.js: 3ms, application-code: 11ms)
 POST /api/auth/login 200 in 5.1s (next.js: 3ms, application-code: 5.1s)
 GET /admin 200 in 169ms (next.js: 6ms, proxy.ts: 8ms, application-code: 154ms)
 GET /admin 200 in 133ms (next.js: 24ms, proxy.ts: 6ms, application-code: 102ms)
 GET /api/notifications/mine?read=false&limit=1 200 in 41ms (next.js: 4ms, application-code: 37ms)
 GET /api/notifications/mine?read=false&limit=1 200 in 67ms (next.js: 14ms, application-code: 54ms)
 POST /api/auth/login 200 in 5.1s (next.js: 3ms, application-code: 5.1s)
 GET /api/users/me 200 in 34ms (next.js: 15ms, application-code: 19ms)
 GET /admin 200 in 220ms (next.js: 5ms, proxy.ts: 7ms, application-code: 208ms)
 GET /login 307 in 13ms (proxy.ts: 6ms)
 GET /login 200 in 51ms (next.js: 5ms, proxy.ts: 5ms, application-code: 42ms)
 GET /login 200 in 51ms (next.js: 7ms, proxy.ts: 8ms, application-code: 36ms)
 POST /api/auth/login 200 in 5.1s (next.js: 3ms, application-code: 5.1s)
 GET /admin 200 in 194ms (next.js: 19ms, proxy.ts: 7ms, application-code: 168ms)
 GET /admin 200 in 126ms (next.js: 6ms, proxy.ts: 30ms, application-code: 91ms)
 GET /api/notifications/mine?read=false&limit=1 200 in 40ms (next.js: 17ms, application-code: 23ms)
 GET /api/notifications/mine?read=false&limit=1 200 in 25ms (next.js: 3ms, application-code: 22ms)
 GET /api/notifications/mine?read=false&limit=1 401 in 29ms (next.js: 14ms, application-code: 15ms)
 GET /login?expired=1 200 in 79ms (next.js: 5ms, proxy.ts: 8ms, application-code: 66ms)
 POST /api/auth/login 200 in 5.1s (next.js: 3ms, application-code: 5.1s)
 GET /api/users/me 200 in 34ms (next.js: 18ms, application-code: 16ms)
 GET /admin 200 in 203ms (next.js: 4ms, proxy.ts: 9ms, application-code: 190ms)
 POST /api/auth/login 401 in 5.0s (next.js: 6ms, application-code: 5.0s)
 GET /login?expired=1 200 in 83ms (next.js: 4ms, proxy.ts: 7ms, application-code: 71ms)
 GET /login 200 in 83ms (next.js: 11ms, proxy.ts: 7ms, application-code: 64ms)
 POST /api/auth/login 200 in 5.1s (next.js: 3ms, application-code: 5.1s)
 GET /admin 200 in 158ms (next.js: 5ms, proxy.ts: 5ms, application-code: 147ms)
 GET /admin 200 in 113ms (next.js: 6ms, proxy.ts: 19ms, application-code: 88ms)
 GET /api/notifications/mine?read=false&limit=1 200 in 43ms (next.js: 19ms, application-code: 24ms)
 GET /api/notifications/mine?read=false&limit=1 200 in 21ms (next.js: 3ms, application-code: 18ms)
 GET /api/notifications/mine?read=false&limit=1 401 in 24ms (next.js: 12ms, application-code: 12ms)
 GET /login?expired=1 200 in 69ms (next.js: 8ms, proxy.ts: 6ms, application-code: 55ms)
✓ Compiled in 316ms
 POST /api/auth/login 200 in 5.1s (next.js: 3ms, application-code: 5.1s)
 GET /admin 200 in 172ms (next.js: 6ms, proxy.ts: 8ms, application-code: 157ms)
 GET /admin 200 in 146ms (next.js: 9ms, proxy.ts: 47ms, application-code: 90ms)
 GET /api/notifications/mine?read=false&limit=1 200 in 42ms (next.js: 20ms, application-code: 22ms)
 GET /api/notifications/mine?read=false&limit=1 200 in 22ms (next.js: 3ms, application-code: 19ms)
 GET /login?expired=1 200 in 82ms (next.js: 5ms, proxy.ts: 7ms, application-code: 70ms)
 GET /login?expired=1 200 in 66ms (next.js: 4ms, proxy.ts: 6ms, application-code: 56ms)
 GET /api/notifications/mine?read=false&limit=1 401 in 22ms (next.js: 11ms, application-code: 11ms)
 GET /login?expired=1 200 in 81ms (next.js: 5ms, proxy.ts: 9ms, application-code: 67ms)
 GET /login?expired=1 200 in 108ms (next.js: 12ms, proxy.ts: 10ms, application-code: 86ms)
 GET /login?expired=1 200 in 99ms (next.js: 54ms, proxy.ts: 12ms, application-code: 33ms)
 GET /login?expired=1 200 in 75ms (next.js: 6ms, proxy.ts: 5ms, application-code: 64ms)
 GET /login?expired=1 200 in 69ms (next.js: 4ms, proxy.ts: 6ms, application-code: 59ms)
 POST /api/auth/login 200 in 5.2s (next.js: 6ms, application-code: 5.2s)
 GET /admin 200 in 250ms (next.js: 29ms, proxy.ts: 25ms, application-code: 196ms)
 GET /admin 200 in 142ms (next.js: 11ms, proxy.ts: 18ms, application-code: 113ms)
 GET /api/notifications/mine?read=false&limit=1 200 in 36ms (next.js: 15ms, application-code: 21ms)
 GET /api/notifications/mine?read=false&limit=1 200 in 25ms (next.js: 3ms, application-code: 21ms)
 GET /login 307 in 12ms (proxy.ts: 5ms)
 GET /login 200 in 41ms (next.js: 5ms, proxy.ts: 8ms, application-code: 28ms)
 POST /api/auth/login 401 in 5.1s (next.js: 9ms, application-code: 5.1s)
 GET /login?expired=1 200 in 110ms (next.js: 44ms, proxy.ts: 7ms, application-code: 59ms)
 POST /api/auth/login 401 in 5.1s (next.js: 3ms, application-code: 5.1s)
 GET /login?expired=1 200 in 86ms (next.js: 5ms, proxy.ts: 12ms, application-code: 69ms)
 POST /api/auth/login 401 in 5.1s (next.js: 3ms, application-code: 5.1s)
 GET /login?expired=1 200 in 72ms (next.js: 5ms, proxy.ts: 7ms, application-code: 60ms)
 POST /api/auth/login 200 in 5.1s (next.js: 4ms, application-code: 5.1s)
 GET /admin 200 in 150ms (next.js: 12ms, proxy.ts: 7ms, application-code: 131ms)
 GET /admin 200 in 127ms (next.js: 7ms, proxy.ts: 38ms, application-code: 82ms)
 GET /api/notifications/mine?read=false&limit=1 200 in 65ms (next.js: 28ms, application-code: 37ms)
 GET /api/notifications/mine?read=false&limit=1 200 in 34ms (next.js: 14ms, application-code: 20ms)
 GET /login 307 in 11ms (proxy.ts: 5ms)
 GET /login 200 in 45ms (next.js: 5ms, proxy.ts: 6ms, application-code: 34ms)
 GET /login 200 in 89ms (next.js: 10ms, proxy.ts: 12ms, application-code: 68ms)
 GET /login?expired=1 200 in 85ms (next.js: 42ms, proxy.ts: 10ms, application-code: 34ms)
 POST /api/auth/login 200 in 5.1s (next.js: 4ms, application-code: 5.1s)
 GET /admin 200 in 203ms (next.js: 23ms, proxy.ts: 13ms, application-code: 167ms)
 GET /admin 200 in 202ms (next.js: 51ms, proxy.ts: 14ms, application-code: 137ms)
 GET /api/notifications/mine?read=false&limit=1 200 in 39ms (next.js: 17ms, application-code: 22ms)
 GET /api/notifications/mine?read=false&limit=1 200 in 44ms (next.js: 25ms, application-code: 19ms)
 POST /api/auth/login 200 in 5.1s (next.js: 3ms, application-code: 5.1s)
 GET /admin 200 in 197ms (next.js: 5ms, proxy.ts: 6ms, application-code: 186ms)
 GET /admin/facultades 200 in 959ms (next.js: 808ms, proxy.ts: 6ms, application-code: 145ms)
 GET /admin/programas 200 in 552ms (next.js: 367ms, proxy.ts: 6ms, application-code: 179ms)
 GET /admin/materias 200 in 580ms (next.js: 373ms, proxy.ts: 7ms, application-code: 200ms)
 GET /admin/salones 307 in 505ms (next.js: 356ms, proxy.ts: 10ms, application-code: 138ms)
 GET /login 200 in 90ms (next.js: 5ms, proxy.ts: 9ms, application-code: 76ms)
 GET /login 200 in 75ms (next.js: 5ms, proxy.ts: 7ms, application-code: 63ms)
 GET /login 200 in 92ms (next.js: 5ms, proxy.ts: 8ms, application-code: 79ms)
 GET /login 200 in 105ms (next.js: 7ms, proxy.ts: 10ms, application-code: 88ms)
 GET /login 200 in 70ms (next.js: 5ms, proxy.ts: 7ms, application-code: 58ms)
 GET /login 200 in 67ms (next.js: 5ms, proxy.ts: 6ms, application-code: 56ms)
 GET /login 200 in 65ms (next.js: 5ms, proxy.ts: 7ms, application-code: 53ms)
 GET /login 200 in 58ms (next.js: 3ms, proxy.ts: 5ms, application-code: 49ms)
 GET /login 200 in 70ms (next.js: 5ms, proxy.ts: 6ms, application-code: 59ms)
 GET /login 307 in 18ms (proxy.ts: 6ms)
 GET /login 200 in 37ms (next.js: 5ms, proxy.ts: 6ms, application-code: 26ms)
 POST /api/auth/login 200 in 5.1s (next.js: 5ms, application-code: 5.1s)
 GET /admin 200 in 186ms (next.js: 16ms, proxy.ts: 14ms, application-code: 156ms)
 GET /admin 200 in 183ms (next.js: 53ms, proxy.ts: 12ms, application-code: 119ms)
 GET /api/notifications/mine?read=false&limit=1 200 in 35ms (next.js: 15ms, application-code: 21ms)
 GET /api/notifications/mine?read=false&limit=1 200 in 40ms (next.js: 22ms, application-code: 19ms)
 GET /login 307 in 11ms (proxy.ts: 6ms)
 GET /login 200 in 38ms (next.js: 5ms, proxy.ts: 8ms, application-code: 25ms)
 POST /api/auth/login 200 in 5.1s (next.js: 3ms, application-code: 5.1s)
 GET /admin 200 in 166ms (next.js: 4ms, proxy.ts: 6ms, application-code: 157ms)
 POST /api/auth/login 200 in 5.1s (next.js: 3ms, application-code: 5.1s)
 GET /admin 200 in 178ms (next.js: 12ms, proxy.ts: 11ms, application-code: 156ms)
 GET /admin 200 in 177ms (next.js: 45ms, proxy.ts: 11ms, application-code: 122ms)
 GET /api/notifications/mine?read=false&limit=1 200 in 37ms (next.js: 17ms, application-code: 20ms)
 GET /api/notifications/mine?read=false&limit=1 200 in 17ms (next.js: 3ms, application-code: 14ms)
 POST /api/auth/login 401 in 5.1s (next.js: 6ms, application-code: 5.1s)
 GET /login?expired=1 200 in 70ms (next.js: 5ms, proxy.ts: 7ms, application-code: 58ms)
 POST /api/auth/login 200 in 5.1s (next.js: 3ms, application-code: 5.1s)
 GET /admin 200 in 185ms (next.js: 5ms, proxy.ts: 7ms, application-code: 172ms)
 GET /api/notifications/mine?read=false&limit=1 401 in 23ms (next.js: 11ms, application-code: 11ms)
 GET /login?expired=1 200 in 71ms (next.js: 3ms, proxy.ts: 6ms, application-code: 62ms)
 POST /api/auth/login 200 in 5.1s (next.js: 3ms, application-code: 5.1s)
 GET /admin 200 in 182ms (next.js: 5ms, proxy.ts: 8ms, application-code: 169ms)
 POST /api/auth/login 200 in 5.1s (next.js: 6ms, application-code: 5.1s)
 GET /admin 200 in 190ms (next.js: 6ms, proxy.ts: 7ms, application-code: 178ms)
 GET /login?expired=1 200 in 46ms (next.js: 6ms, proxy.ts: 4ms, application-code: 36ms)
 POST /api/auth/login 200 in 5.1s (next.js: 4ms, application-code: 5.1s)
 GET /admin 200 in 118ms (next.js: 14ms, proxy.ts: 8ms, application-code: 96ms)
 GET /admin 200 in 120ms (next.js: 8ms, proxy.ts: 22ms, application-code: 90ms)
 GET /api/notifications/mine?read=false&limit=1 200 in 41ms (next.js: 19ms, application-code: 22ms)
 GET /api/notifications/mine?read=false&limit=1 200 in 21ms (next.js: 4ms, application-code: 18ms)
 GET /login 307 in 14ms (proxy.ts: 8ms)
 GET /login 200 in 39ms (next.js: 6ms, proxy.ts: 5ms, application-code: 29ms)
 POST /api/auth/login 200 in 5.1s (next.js: 2ms, application-code: 5.1s)
 GET /admin 200 in 170ms (next.js: 5ms, proxy.ts: 13ms, application-code: 152ms)
 POST /api/auth/login 200 in 5.1s (next.js: 3ms, application-code: 5.1s)
 GET /admin 200 in 158ms (next.js: 11ms, proxy.ts: 11ms, application-code: 136ms)
 GET /admin 200 in 157ms (next.js: 44ms, proxy.ts: 10ms, application-code: 103ms)
 GET /api/notifications/mine?read=false&limit=1 200 in 39ms (next.js: 20ms, application-code: 19ms)
 GET /api/notifications/mine?read=false&limit=1 200 in 19ms (next.js: 3ms, application-code: 16ms)
 GET /login 307 in 13ms (proxy.ts: 6ms)
 GET /login 200 in 43ms (next.js: 5ms, proxy.ts: 6ms, application-code: 31ms)
 POST /api/auth/login 200 in 5.1s (next.js: 4ms, application-code: 5.1s)
 GET /api/users/me 200 in 39ms (next.js: 20ms, application-code: 20ms)
 GET /admin/facultades 200 in 156ms (next.js: 14ms, proxy.ts: 9ms, application-code: 134ms)
 POST /api/auth/login 200 in 5.1s (next.js: 4ms, application-code: 5.1s)
 GET /admin 200 in 104ms (next.js: 7ms, proxy.ts: 6ms, application-code: 91ms)
 GET /admin 200 in 148ms (next.js: 48ms, proxy.ts: 8ms, application-code: 92ms)
 GET /api/notifications/mine?read=false&limit=1 200 in 40ms (next.js: 14ms, application-code: 26ms)
 GET /api/notifications/mine?read=false&limit=1 200 in 77ms (next.js: 5ms, application-code: 72ms)
 GET /login 307 in 14ms (proxy.ts: 6ms)
 GET /login 200 in 42ms (next.js: 5ms, proxy.ts: 5ms, application-code: 32ms)
 GET /login 200 in 54ms (next.js: 7ms, proxy.ts: 10ms, application-code: 38ms)
